make: Entering directory '/Users/kyooni18/Code/KSPShuttleLander/CLanding'
clang -Iinclude -Iapp -Iguidance -Iprediction -Icontrol -Ivehicle -Icalibration -Itransport -Itelemetry -Ipersistence -I../ShuttleSim/include -D_DEFAULT_SOURCE -isystem ../ThirdParty/krpc-cnano-0.6.0/include -isystem build-research/cnano_compat -isystem ../ThirdParty/nanopb-0.4.9.1 -DKRPC_COMMUNICATION_CUSTOM=1 -DKRPC_ERROR_MESSAGES=1 -DKRPC_ERROR_MESSAGE_LENGTH=512 -O2 -std=c17 -Wall -Wextra -Werror -pthread \
	../Validation/MM305FeasibilityPropertyTests.c \
	build-research/controller.o build-research/entry_alpha.o build-research/entry_drag_reference.o build-research/entry_energy_control.o build-research/entry_lateral.o build-research/entry_exec.o build-research/taem_exec.o build-research/guidance_common.o build-research/guidance_core.o build-research/guidance_entry.o build-research/guidance_taem.o build-research/guidance_final.o build-research/guidance_terminal.o build-research/guidance.o build-research/taem_frames_energy.o build-research/taem_geometry.o build-research/terminal_model.o build-research/terminal_propagator.o build-research/taem_reachability.o build-research/taem_tracker.o build-research/taem_planner.o build-research/terminal_solver.o build-research/taem_candidate_search.o build-research/predictor.o build-research/decision_envelope.o build-research/async_prediction_policy.o build-research/flight_control.o build-research/vessel_physics.o build-research/aero_certification.o build-research/math.o build-research/models.o build-research/calibration.o build-research/calibration_observation.o build-research/trajectory_calibration.o build-research/krpc.o build-research/krpc_cnano_client.o build-research/krpc_cnano_transport.o build-research/krpc_cnano_batch.o build-research/json.o build-research/sim_telemetry.o build-research/planner_log.o build-research/flight_log_codec.o build-research/physics_store.o build-research/flight_physics/math3.o build-research/flight_physics/quat.o build-research/flight_physics/world.o build-research/flight_physics/aero.o build-research/flight_physics/attitude.o build-research/flight_physics/flight_physics.o build-research/cnano/decoder.o build-research/cnano/encoder.o build-research/cnano/error.o build-research/cnano/krpc.o build-research/cnano/krpc.pb.o build-research/cnano/memory.o build-research/cnano/utils.o build-research/cnano/communication.o build-research/nanopb/pb_common.o build-research/nanopb/pb_encode.o build-research/nanopb/pb_decode.o \
	-pthread -lm -lsqlite3 -o build-research/mm305_feasibility_tests
clang -Iinclude -Iapp -Iguidance -Iprediction -Icontrol -Ivehicle -Icalibration -Itransport -Itelemetry -Ipersistence -I../ShuttleSim/include -D_DEFAULT_SOURCE -isystem ../ThirdParty/krpc-cnano-0.6.0/include -isystem build-research/cnano_compat -isystem ../ThirdParty/nanopb-0.4.9.1 -DKRPC_COMMUNICATION_CUSTOM=1 -DKRPC_ERROR_MESSAGES=1 -DKRPC_ERROR_MESSAGE_LENGTH=512 -O2 -std=c17 -Wall -Wextra -Werror -pthread \
	../Validation/TouchdownQualityTests.c \
	build-research/sim.o build-research/scenario.o \
	build-research/controller.o build-research/entry_alpha.o build-research/entry_drag_reference.o build-research/entry_energy_control.o build-research/entry_lateral.o build-research/entry_exec.o build-research/taem_exec.o build-research/guidance_common.o build-research/guidance_core.o build-research/guidance_entry.o build-research/guidance_taem.o build-research/guidance_final.o build-research/guidance_terminal.o build-research/guidance.o build-research/taem_frames_energy.o build-research/taem_geometry.o build-research/terminal_model.o build-research/terminal_propagator.o build-research/taem_reachability.o build-research/taem_tracker.o build-research/taem_planner.o build-research/terminal_solver.o build-research/taem_candidate_search.o build-research/predictor.o build-research/decision_envelope.o build-research/async_prediction_policy.o build-research/flight_control.o build-research/vessel_physics.o build-research/aero_certification.o build-research/math.o build-research/models.o build-research/calibration.o build-research/calibration_observation.o build-research/trajectory_calibration.o build-research/krpc.o build-research/krpc_cnano_client.o build-research/krpc_cnano_transport.o build-research/krpc_cnano_batch.o build-research/json.o build-research/sim_telemetry.o build-research/planner_log.o build-research/flight_log_codec.o build-research/physics_store.o build-research/flight_physics/math3.o build-research/flight_physics/quat.o build-research/flight_physics/world.o build-research/flight_physics/aero.o build-research/flight_physics/attitude.o build-research/flight_physics/flight_physics.o build-research/cnano/decoder.o build-research/cnano/encoder.o build-research/cnano/error.o build-research/cnano/krpc.o build-research/cnano/krpc.pb.o build-research/cnano/memory.o build-research/cnano/utils.o build-research/cnano/communication.o build-research/nanopb/pb_common.o build-research/nanopb/pb_encode.o build-research/nanopb/pb_decode.o \
	-pthread -lm -lsqlite3 -o build-research/touchdown_quality_tests
cd .. && "/Users/kyooni18/Code/KSPShuttleLander/CLanding/build-research/mm305_feasibility_tests"
cd .. && "/Users/kyooni18/Code/KSPShuttleLander/CLanding/build-research/touchdown_quality_tests"
FINAL_TEST_CAPTURE valid=1 reachable=1 runwayTime=34.513900/5.166791/29.347109 vertical=1273.896000/416.065425/857.830575 speed=185.000000/85.000000/100.000000 q=45000.000000/16307.981555/28692.018445 load=3.500000/1.088641/2.411359 runwayRemaining=6000.000000/0.000000/6000.000000 groundRange=6000.000000 timeAvailable=34.513900 lateralTime=5.166791 headingTime=5.166667 responseTime=5.166667 crossRate=0.000000 lateralAccel=32.264346 courseRate=10.633795 maxLiftAoA=15.000000 maxNormalAccel=34.335000 sink=63.274000 verticalRecoveryAccel=22.454346 responseDownAccel=0.000000 recoveryHeight=416.065425 recoverableSink=149.820940 recoverableFPA=40.755339
FINAL_TEST_ENERGY preTriggerSpeed=160.429197 plannedExitSpeed=85.000000 minimumSpeed=85.000000 referenceGateSpeed=115.000000 lowMargin=0.000000 highMargin=3000.000000 liveDragAccel=8.496921 airPath=1062.008004 heightToGate=363.228289 groundToGate=997.961027
FINAL_TEST_ADMISSION result=accept approach=1 preflare=ok terminal=ok conditioning=1 rangeMargin=997.961027 qMargin=28692.018445 altitudeMargin=857.830575 fpaMargin=20.755339 energyMargin=0.000000 responseAvailable=5.740588 responseRequired=0.000000
FAIL: touchdown quality: sink=0 speed=0 along=1 cross=1 runway=1
============================================================
Final Touchdown Quality Test (selected model profile, Direct FCS):
  Touchdown seen:     YES
  On runway:          YES
  Sink rate:          6.05 m/s  (Quality limit: <= 3.0 m/s)
  Touchdown speed:    54.19 m/s  (Quality limit: 60.0 - 75.0 m/s)
  Along runway:       1620.6 m    (Quality limit: 0.0 - 2500.0 m)
  Cross track:        0.0 m    (Quality limit: -35.0 to +35.0 m)
  Pitch at contact:   5.2 deg
============================================================
make: *** [Makefile:174: touchdown-quality-test] Error 1
FAIL: MM305 admission/planner mismatch: 2/2 admitted states have no qualified route.
sample=0 altitude=26000.0 mach=2.500 along=-30000.0 cross=0.0 found=0 solve_wall=3.698 reason=MM305 route rejected: [CONF L] no HAC join has an energy-feasible native vertical profile t0.0; [CONF R] no HAC join has an energy-feasible native vertical profile t0.0;
sample=2 altitude=22500.0 mach=2.350 along=-28000.0 cross=-5000.0 found=0 solve_wall=3.437 reason=MM305 route rejected: [CONF L] no HAC join has an energy-feasible native vertical profile t0.0; [CONF R] no HAC join has an energy-feasible native vertical profile t0.0;
MM305 admission-feasibility property test: sampled 2 admitted states, 0 feasible routes found.
make: *** [Makefile:167: mm305-feasibility-test] Error 1
make: Target 'contract-tests' not remade because of errors.
make: Leaving directory '/Users/kyooni18/Code/KSPShuttleLander/CLanding'
